// Jest Snapshot v1, https://goo.gl/fbAQLP

exports[`Quiz Application show frontpage 1`] = `"<div><h1>Quiz 2 !</h1><div>Loading ...</div><ul><li><a href=\\"/question\\">ny quiz</a></li></ul></div>"`;
